// Jest Snapshot v1, https://goo.gl/fbAQLP

exports[`Visit Info Form Component matches snapshot without any props 1`] = `
<form
  onSubmit={[Function]}
>
  <h2>
    Clothing
  </h2>
  <div
    className="formRows"
  >
    <div
      className="rowItems"
    >
      <div
        className="formItem"
      >
        <label
          htmlFor="clothingMen"
        >
          Men
        </label>
        <input
          checked={false}
          id="clothingMen"
          label="Men"
          onChange={[Function]}
          type="checkbox"
        />
      </div>
      <div
        className="formItem"
      >
        <label
          htmlFor="mensQ"
        />
        <input
          hidden={true}
          id="mensQ"
          min={0}
          onChange={[Function]}
          placeholder="Count"
          type="number"
          value=""
        />
      </div>
    </div>
    <div
      className="rowItems"
    >
      <div
        className="formItem"
      >
        <label
          htmlFor="clothingWomen"
        >
          Women
        </label>
        <input
          checked={false}
          id="clothingWomen"
          label="Women"
          onChange={[Function]}
          type="checkbox"
        />
      </div>
      <div
        className="formItem"
      >
        <label
          htmlFor="womensQ"
        />
        <input
          hidden={true}
          id="womensQ"
          min={0}
          onChange={[Function]}
          placeholder="Count"
          type="number"
          value=""
        />
      </div>
    </div>
    <div
      className="rowItems"
    >
      <div
        className="formItem"
      >
        <label
          htmlFor="clothingKids"
        >
          Kids
        </label>
        <input
          checked={false}
          id="clothingKids"
          label="Kids"
          onChange={[Function]}
          type="checkbox"
        />
      </div>
      <div
        className="formItem"
      >
        <label
          htmlFor="kidsQ"
        />
        <input
          hidden={true}
          id="kidsQ"
          min={0}
          onChange={[Function]}
          placeholder="Count"
          type="number"
          value=""
        />
      </div>
    </div>
  </div>
  <h2>
    Special Requests
  </h2>
  <div
    className="formRow"
  >
    <div
      className="formItem"
    >
      <label
        htmlFor="busTicket"
      >
        Bus Ticket
      </label>
      <input
        id="busTicket"
        label="Bus Ticket"
        min={0}
        onChange={[Function]}
        placeholder="Count"
        type="number"
        value=""
      />
    </div>
    <div
      className="formItem"
    >
      <label
        htmlFor="orcaCard"
      >
        Orca Card
      </label>
      <input
        id="orcaCard"
        label="Orca Card"
        min={0}
        onChange={[Function]}
        placeholder="Count"
        type="number"
        value=""
      />
    </div>
    <div
      className="formItem"
    >
      <label
        htmlFor="giftCard"
      >
        Gift Card
      </label>
      <input
        id="giftCard"
        label="Gift Card"
        min={0}
        onChange={[Function]}
        placeholder="Value in Dollars"
        type="number"
        value=""
      />
    </div>
    <div
      className="formItem"
    >
      <label
        htmlFor="diaper"
      >
        Diaper
      </label>
      <input
        id="diaper"
        label="Diaper"
        min={0}
        onChange={[Function]}
        placeholder="Count"
        type="number"
        value=""
      />
    </div>
    <div
      className="formItem"
    >
      <label
        htmlFor="financialAssistance"
      >
        Financial Assistance
      </label>
      <input
        id="financialAssistance"
        label="Financial Assistance"
        min={0}
        onChange={[Function]}
        placeholder="Value in Dollars"
        type="number"
        value=""
      />
    </div>
  </div>
  <div
    className="formRow"
  >
    <div
      className="formItem"
    >
      <label
        htmlFor="backpack"
      >
        Backpack
      </label>
      <input
        checked={false}
        id="backpack"
        label="Backpack"
        onChange={[Function]}
        type="checkbox"
      />
    </div>
    <div
      className="formItem"
    >
      <label
        htmlFor="sleepingBag"
      >
        Sleeping Bag
      </label>
      <input
        checked={false}
        id="sleepingBag"
        label="Sleeping Bag"
        onChange={[Function]}
        type="checkbox"
      />
    </div>
    <div
      className="formItem"
    >
      <label
        htmlFor="food"
      >
        Food
      </label>
      <input
        checked={false}
        id="food"
        label="Food"
        onChange={[Function]}
        type="checkbox"
      />
    </div>
    <div
      className="rowItems householdRow"
    >
      <div
        className="formItem"
      >
        <label
          htmlFor="householdItem"
        >
          Household Items
        </label>
        <input
          checked={false}
          id="householdItem"
          label="Household Items"
          onChange={[Function]}
          type="checkbox"
        />
      </div>
      <div
        className="formItem"
      >
        <label
          htmlFor="householdItemQ"
        />
        <input
          hidden={true}
          id="householdItemQ"
          min={0}
          onChange={[Function]}
          placeholder="Count"
          type="number"
          value=""
        />
      </div>
    </div>
  </div>
  <div
    hidden={true}
  >
    <h2>
      Household items
    </h2>
    <div
      className="formItem"
    >
      <label
        htmlFor="household"
      />
      <textarea
        id="household"
        onChange={[Function]}
        rows={3}
        type="textarea"
        value=""
      />
    </div>
  </div>
  <h2>
    Notes
  </h2>
  <div
    className="formItem"
  >
    <label
      htmlFor="notes"
    />
    <textarea
      id="notes"
      onChange={[Function]}
      rows={3}
      type="textarea"
      value=""
    />
  </div>
  <button
    className="submitBtn defaultButton"
    type="submit"
  >
    Submit
  </button>
</form>
`;
